2026-06-16 21:45:51,607 [INFO] apartment: Luxuriöses Penthouse: Exklusive 4-Zimmer-Wohnung mit Dachterasse und Einbauküche | price: 3385.0 | address: 12159 Friedenau | link: https://www.kleinanzeigen.de/s-anzeige/luxurioeses-penthouse-exklusive-4-zimmer-wohnung-mit-dachterasse-und-einbaukueche/3409015275-203-17085
2026-06-16 21:45:51,608 [INFO] apartment: +++ Möbliertes Einzimmerapartment +++ | price: 995.0 | address: 13086 Weissensee | link: https://www.kleinanzeigen.de/s-anzeige/-moebliertes-einzimmerapartment-/3117791952-203-3478
2026-06-16 21:45:51,609 [INFO] apartment: THE FIZZ Berlin Friedrichshain - **ERSTBEZUG** Vollmöblierte Single Apartments für Studierende | price: 787.0 | address: 10245 Friedrichshain | link: https://www.kleinanzeigen.de/s-anzeige/the-fizz-berlin-friedrichshain-erstbezug-vollmoeblierte-single-apartments-fuer-studierende/3328322447-203-3352
2026-06-16 21:45:51,610 [INFO] apartment: Geräumige 2-Zimmer-Wohnung in Mitte (Europacity) nahe Hauptbahnhof | price: 1390.0 | address: 10557 Mitte | link: https://www.kleinanzeigen.de/s-anzeige/geraeumige-2-zimmer-wohnung-in-mitte-europacity-nahe-hauptbahnhof/3400053310-203-9672
2026-06-16 21:45:51,611 [INFO] apartment: Lebendig, zentral und exklusiv: 3-Zi.-Neubauwohnung in der Europacity nahe Hauptbahnhof | price: 2070.0 | address: 10557 Mitte | link: https://www.kleinanzeigen.de/s-anzeige/lebendig-zentral-und-exklusiv-3-zi-neubauwohnung-in-der-europacity-nahe-hauptbahnhof/3374813511-203-9672
2026-06-16 21:45:51,611 [INFO] apartment: Smyles -  hochwertig ausgestattetes City Apartment | price: 849.0 | address: 12159 Steglitz | link: https://www.kleinanzeigen.de/s-anzeige/smyles-hochwertig-ausgestattetes-city-apartment/3436762853-203-3419
2026-06-16 21:45:51,612 [INFO] apartment: Teilgewerbliche Vermietung! Moderne 2-Zimmerwohnung an der Dahme! | price: 874.0 | address: 12557 Köpenick | link: https://www.kleinanzeigen.de/s-anzeige/teilgewerbliche-vermietung-moderne-2-zimmerwohnung-an-der-dahme-/3356228214-203-3366
2026-06-16 21:45:51,612 [INFO] apartment: Schöne 2-Zimmer-Wohnung nahe Rosa-Luxemburg-Platz (10178 Mitte) | price: 1445.0 | address: 10178 Mitte | link: https://www.kleinanzeigen.de/s-anzeige/schoene-2-zimmer-wohnung-nahe-rosa-luxemburg-platz-10178-mitte-/3437349880-203-3522
2026-06-16 21:45:51,612 [INFO] apartment: Cosmo Berlin - großzügige 3 Zimmer mit Südbalkon und EBK um Weitlingkiez, sofort bezugsfrei | price: 1799.0 | address: 10315 Friedrichsfelde | link: https://www.kleinanzeigen.de/s-anzeige/cosmo-berlin-grosszuegige-3-zimmer-mit-suedbalkon-und-ebk-um-weitlingkiez-sofort-bezugsfrei/3275501475-203-25913
2026-06-16 21:45:51,614 [INFO] apartment: Cosmo Berlin - große 2 Zimmer im Weitlingkiez mit Einbauküche und Duschbad ab sofort verfügbar | price: 1389.0 | address: 10315 Friedrichsfelde | link: https://www.kleinanzeigen.de/s-anzeige/cosmo-berlin-grosse-2-zimmer-im-weitlingkiez-mit-einbaukueche-und-duschbad-ab-sofort-verfuegbar/3275500757-203-25913
2026-06-16 21:45:51,614 [INFO] apartment: Sonnendurchflutete Maisonette Wohnung mit Blick auf das Stadtschloss | price: 4885.0 | address: 10117 Mitte | link: https://www.kleinanzeigen.de/s-anzeige/sonnendurchflutete-maisonette-wohnung-mit-blick-auf-das-stadtschloss/3399370325-203-3520
2026-06-16 21:45:51,615 [INFO] apartment: Charming & Fully Furnished 1-Bedroom Apartment in Mitte | price: 1750.0 | address: 10115 Mitte | link: https://www.kleinanzeigen.de/s-anzeige/charming-fully-furnished-1-bedroom-apartment-in-mitte/3347437015-203-9668
2026-06-16 21:45:51,616 [INFO] apartment: Gut geschnittene 2 Zimmer Wohnung nahe Kudamm | price: 1450.0 | address: 10711 Wilmersdorf | link: https://www.kleinanzeigen.de/s-anzeige/gut-geschnittene-2-zimmer-wohnung-nahe-kudamm/3435750977-203-9626
2026-06-16 21:45:51,616 [INFO] apartment: 2,5 Zimmerwohnung im Prenzlauer Berg | price: 860.0 | address: 10405 Prenzlauer Berg | link: https://www.kleinanzeigen.de/s-anzeige/2-5-zimmerwohnung-im-prenzlauer-berg/3437244654-203-3492
2026-06-16 21:45:51,617 [INFO] apartment: Teilgewerbliche Vermietung! Sonnenaufgang auf der eigenen Terrasse – Ihr neues Zuhause in Weißensee | price: 1071.0 | address: 13086 Weissensee | link: https://www.kleinanzeigen.de/s-anzeige/teilgewerbliche-vermietung-sonnenaufgang-auf-der-eigenen-terrasse-ihr-neues-zuhause-in-weissensee/3354442554-203-3478
2026-06-16 21:45:51,617 [INFO] apartment: Großzügige 3-Zimmer-Dachgeschosswohnung im Erstbezug nach Modernisierung mit EBK I ab sofort verfügbar | price: 1760.0 | address: 12105 Tempelhof | link: https://www.kleinanzeigen.de/s-anzeige/grosszuegige-3-zimmer-dachgeschosswohnung-im-erstbezug-nach-modernisierung-mit-ebk-i-ab-sofort-verfuegbar/3435286017-203-3408
2026-06-16 21:45:51,618 [INFO] apartment: Erstbezug im hochwertigen Neubau: Luxuriöse Wohnung - nachhaltig & mit großem, privaten Garten | price: 2188.0 | address: 13465 Reinickendorf | link: https://www.kleinanzeigen.de/s-anzeige/erstbezug-im-hochwertigen-neubau-luxurioese-wohnung-nachhaltig-mit-grossem-privaten-garten/3422940618-203-3454
2026-06-16 21:45:51,618 [INFO] apartment: Erstbezug im hochwertigen Neubau: Luxuriöse Wohnung - nachhaltig & mit großem, privaten Garten | price: 3245.0 | address: 13465 Reinickendorf | link: https://www.kleinanzeigen.de/s-anzeige/erstbezug-im-hochwertigen-neubau-luxurioese-wohnung-nachhaltig-mit-grossem-privaten-garten/3422939018-203-3454
2026-06-16 21:45:51,618 [INFO] apartment: Apartment No 02 : 2-Zimmer Wohnung /  ab Sofort ! | price: 1400.0 | address: 12099 Tempelhof | link: https://www.kleinanzeigen.de/s-anzeige/apartment-no-02-2-zimmer-wohnung-ab-sofort-/3422526137-203-3409
2026-06-16 21:45:51,619 [INFO] apartment: Nachmieter gesucht zum 01.08.2026 | price: 423.0 | address: 12526 Treptow | link: https://www.kleinanzeigen.de/s-anzeige/nachmieter-gesucht-zum-01-08-2026/3437255698-203-3369
2026-06-16 21:45:51,619 [INFO] apartment: Lust auf Frühling auf den eigenen Dachterrassen? 3 Zi Penthaus in Köpenick | price: 1889.0 | address: 12555 Köpenick | link: https://www.kleinanzeigen.de/s-anzeige/lust-auf-fruehling-auf-den-eigenen-dachterrassen-3-zi-penthaus-in-koepenick/3334012931-203-3365
2026-06-16 21:45:51,620 [INFO] apartment: Ihr Rückzugsort in Karlshorst: Helle 3-Zimmer-Wohnung mit Balkon und Einbauküche | price: 1750.0 | address: 10318 Lichtenberg | link: https://www.kleinanzeigen.de/s-anzeige/ihr-rueckzugsort-in-karlshorst-helle-3-zimmer-wohnung-mit-balkon-und-einbaukueche/3408843550-203-9681
2026-06-16 21:45:51,620 [INFO] apartment: Barrierefreie 3-Zimmerwohnung mit 2 Balkonen, Aufzug und Tiefgarage in ruhiger und zentraler Lage | price: 1934.0 | address: 13189 Pankow | link: https://www.kleinanzeigen.de/s-anzeige/barrierefreie-3-zimmerwohnung-mit-2-balkonen-aufzug-und-tiefgarage-in-ruhiger-und-zentraler-lage/3421006726-203-3472
2026-06-16 21:45:51,621 [INFO] apartment: Ihr neues Zuhause in Karlshorst: Helle 3 Zimmer mit Balkon und Einbauküche | price: 1685.0 | address: 10318 Lichtenberg | link: https://www.kleinanzeigen.de/s-anzeige/ihr-neues-zuhause-in-karlshorst-helle-3-zimmer-mit-balkon-und-einbaukueche/3408838539-203-9681
2026-06-16 21:45:51,622 [INFO] apartment: Hochwertige 3-Zimmer Wohnung im 2. OG mit BALKON und EBK im Weißenseer Neubauquartier | price: 1702.0 | address: 13088 Weissensee | link: https://www.kleinanzeigen.de/s-anzeige/hochwertige-3-zimmer-wohnung-im-2-og-mit-balkon-und-ebk-im-weissenseer-neubauquartier/3383369714-203-3477
2026-06-16 21:45:51,623 [INFO] apartment: Sanierte Altbauwohnung in Bestlage | price: 1195.0 | address: 13353 Wedding | link: https://www.kleinanzeigen.de/s-anzeige/sanierte-altbauwohnung-in-bestlage/3437339017-203-3507
2026-06-16 21:45:51,623 [INFO] apartment: Altbauwohnung | Stuck | Französischer Balkon | Einbauküche | price: 2994.0 | address: 10781 Schöneberg | link: https://www.kleinanzeigen.de/s-anzeige/altbauwohnung-stuck-franzoesischer-balkon-einbaukueche/3383299487-203-3445
2026-06-16 21:45:51,624 [INFO] Ожидание перед следующей страницей...
2026-06-16 21:45:54,271 [INFO] apartment: Ideal für Studenten – Möbliertes 1-Zimmer-Apartment in Berlin-Tempelhof | price: 990.0 | address: 12103 Tempelhof | link: https://www.kleinanzeigen.de/s-anzeige/ideal-fuer-studenten-moebliertes-1-zimmer-apartment-in-berlin-tempelhof/3315857024-203-3405
2026-06-16 21:45:54,272 [INFO] apartment: Suche 2-3 Zimmer Wohnung in Berlin – zuverlässiger Mieter | price: 1100.0 | address: 12047 Neukölln | link: https://www.kleinanzeigen.de/s-anzeige/suche-2-3-zimmer-wohnung-in-berlin-zuverlaessiger-mieter/3435905778-203-3395
2026-06-16 21:45:54,273 [INFO] apartment: Stilvolles Wohnen auf zwei Etagen – Maisonette voller Eleganz & Komfort | price: 6150.0 | address: 10117 Mitte | link: https://www.kleinanzeigen.de/s-anzeige/stilvolles-wohnen-auf-zwei-etagen-maisonette-voller-eleganz-komfort/3343315035-203-3520
2026-06-16 21:45:54,273 [INFO] apartment: Hochwertige 3-Zimmer Wohnung im DG mit DACHTERASSE und EBK im Weißenseer Neubauquartier | price: 1854.0 | address: 13088 Weissensee | link: https://www.kleinanzeigen.de/s-anzeige/hochwertige-3-zimmer-wohnung-im-dg-mit-dachterasse-und-ebk-im-weissenseer-neubauquartier/3383355124-203-3477
2026-06-16 21:45:54,273 [INFO] apartment: Apartment No 04: 1-Zimmer / ab Sofort ! | price: 1100.0 | address: 12099 Tempelhof | link: https://www.kleinanzeigen.de/s-anzeige/apartment-no-04-1-zimmer-ab-sofort-/3343756343-203-3409
2026-06-16 21:45:54,274 [INFO] apartment: Apartment No 03 : 1-Zimmer /  ab Sofort ! | price: 1300.0 | address: 12099 Tempelhof | link: https://www.kleinanzeigen.de/s-anzeige/apartment-no-03-1-zimmer-ab-sofort-/3343751962-203-3409
2026-06-16 21:45:54,274 [INFO] apartment: Barrierefreies 4-Zimmer-Penthouse nahe des Prenzlauer Berg mit Balkon, Dachterrasse & Südblick | price: 2990.0 | address: 13189 Pankow | link: https://www.kleinanzeigen.de/s-anzeige/barrierefreies-4-zimmer-penthouse-nahe-des-prenzlauer-berg-mit-balkon-dachterrasse-suedblick/3258445336-203-3472
2026-06-16 21:45:54,275 [INFO] apartment: Neubau in der City West I Mit Vorgarten und EBK | price: 1900.0 | address: 10719 Charlottenburg | link: https://www.kleinanzeigen.de/s-anzeige/neubau-in-der-city-west-i-mit-vorgarten-und-ebk/3323756920-203-27978
2026-06-16 21:45:54,275 [INFO] apartment: Exklusive Altbauwohnung mit modernem Wohngefühl in Bestlage | price: 3998.0 | address: 10781 Schöneberg | link: https://www.kleinanzeigen.de/s-anzeige/exklusive-altbauwohnung-mit-modernem-wohngefuehl-in-bestlage/3383281098-203-3445
2026-06-16 21:45:54,276 [INFO] apartment: 3-Raumwohnung mit dem Blick über das RAW-Gelände. | price: 1682.0 | address: 10245 Friedrichshain | link: https://www.kleinanzeigen.de/s-anzeige/3-raumwohnung-mit-dem-blick-ueber-das-raw-gelaende-/3323658444-203-3352
2026-06-16 21:45:54,276 [INFO] apartment: Viel Platz für die Familie: Kernsanierte 5-Zimmer-Wohnung mit Balkon in Rudow | price: 2200.0 | address: 12355 Rudow | link: https://www.kleinanzeigen.de/s-anzeige/viel-platz-fuer-die-familie-kernsanierte-5-zimmer-wohnung-mit-balkon-in-rudow/3342257969-203-26893
2026-06-16 21:45:54,277 [INFO] apartment: Gemütliche Single-Wohnung in Berlin Altglienicke | price: 500.0 | address: 12524 Köpenick | link: https://www.kleinanzeigen.de/s-anzeige/gemuetliche-single-wohnung-in-berlin-altglienicke/3437334005-203-3368
2026-06-16 21:45:54,278 [INFO] apartment: Hochwertige 3-Zimmer Wohnung im EG mit TERRASSE und EBK im Weißenseer Neubauquartier | price: 1730.0 | address: 13088 Weissensee | link: https://www.kleinanzeigen.de/s-anzeige/hochwertige-3-zimmer-wohnung-im-eg-mit-terrasse-und-ebk-im-weissenseer-neubauquartier/3382365880-203-3477
2026-06-16 21:45:54,278 [INFO] apartment: Möbliertes Apartment in Berlin Charlottenburg Typ B1 | price: 1080.0 | address: 10629 Charlottenburg | link: https://www.kleinanzeigen.de/s-anzeige/moebliertes-apartment-in-berlin-charlottenburg-typ-b1/3304932614-203-3341
2026-06-16 21:45:54,279 [INFO] apartment: Kernsaniertes 1,5 Zimmer-Apartment: Erstbezug in Rudow – ideal für Singles & BER-Pendler | price: 950.0 | address: 12355 Rudow | link: https://www.kleinanzeigen.de/s-anzeige/kernsaniertes-1-5-zimmer-apartment-erstbezug-in-rudow-ideal-fuer-singles-ber-pendler/3342271954-203-26893
2026-06-16 21:45:54,279 [INFO] apartment: Teilgewerbliche Nutzung! 2-Zimmer Altbau Wohnung in Prenzlauer Berg! | price: 1576.0 | address: 10439 Prenzlauer Berg | link: https://www.kleinanzeigen.de/s-anzeige/teilgewerbliche-nutzung-2-zimmer-altbau-wohnung-in-prenzlauer-berg-/3350249196-203-3490
2026-06-16 21:45:54,280 [INFO] apartment: Traumhafte Gartenwohnung | eigener Hauseingang | vollmöbliert | Hochebene | Ruhiglage | price: 1645.0 | address: 13407 Reinickendorf | link: https://www.kleinanzeigen.de/s-anzeige/traumhafte-gartenwohnung-eigener-hauseingang-vollmoebliert-hochebene-ruhiglage/3419366125-203-3460
2026-06-16 21:45:54,280 [INFO] apartment: Einzimmerwohnung | price: 1.0 | address: 10961 Kreuzberg | link: https://www.kleinanzeigen.de/s-anzeige/einzimmerwohnung/3437333786-203-3377
2026-06-16 21:45:54,280 [INFO] apartment: Live, work, play – Stylish studio in a thriving city quarter | price: 965.0 | address: 13587 Spandau | link: https://www.kleinanzeigen.de/s-anzeige/live-work-play-stylish-studio-in-a-thriving-city-quarter/3382665409-203-3436
2026-06-16 21:45:54,281 [INFO] apartment: Sofort einziehen: 3-Zimmer-Wohnung - offen, modern, hell - hohen Decken - unbefristet! | price: 1343.0 | address: 12619 Hellersdorf | link: https://www.kleinanzeigen.de/s-anzeige/sofort-einziehen-3-zimmer-wohnung-offen-modern-hell-hohen-decken-unbefristet-/3217179008-203-3511
2026-06-16 21:45:54,281 [INFO] apartment: Mehr Raum zum Leben – modernes Apartment im vielseitigen Stadtquartier | price: 890.0 | address: 13587 Spandau | link: https://www.kleinanzeigen.de/s-anzeige/mehr-raum-zum-leben-modernes-apartment-im-vielseitigen-stadtquartier/3382686830-203-3436
2026-06-16 21:45:54,281 [INFO] apartment: 3-Zimmer Neubau Dachgeschoss – Top Lage Neukölln | price: 1850.0 | address: 12055 Neukölln | link: https://www.kleinanzeigen.de/s-anzeige/3-zimmer-neubau-dachgeschoss-top-lage-neukoelln/3369885054-203-3392
2026-06-16 21:45:54,282 [INFO] apartment: +++ Möbliertes Einzimmerapartment +++ | price: 995.0 | address: 13086 Weissensee | link: https://www.kleinanzeigen.de/s-anzeige/-moebliertes-einzimmerapartment-/3117791952-203-3478
2026-06-16 21:45:54,284 [INFO] apartment: 2-Zimmer-Wohnung (WG geeignet) in Spandau zu vermieten | price: 890.0 | address: 13587 Spandau | link: https://www.kleinanzeigen.de/s-anzeige/2-zimmer-wohnung-wg-geeignet-in-spandau-zu-vermieten/3437328202-203-3436
2026-06-16 21:45:54,284 [INFO] apartment: 3.5-Room Apartment in Central Prenzlauer Berg | price: 2000.0 | address: 10439 Prenzlauer Berg | link: https://www.kleinanzeigen.de/s-anzeige/3-5-room-apartment-in-central-prenzlauer-berg/3356421810-203-3490
2026-06-16 21:45:54,285 [INFO] apartment: Great apartment in Tiergarten | Prime location | Fully furnished | Move-in ready | quiet  & cosy | price: 1380.0 | address: 10559 Tiergarten | link: https://www.kleinanzeigen.de/s-anzeige/great-apartment-in-tiergarten-prime-location-fully-furnished-move-in-ready-quiet-cosy/3431311545-203-9664
2026-06-16 21:45:54,285 [INFO] Ожидание перед следующей страницей...
2026-06-16 21:45:56,966 [INFO] apartment: Großzügige 3-Zimmer-Dachgeschosswohnung im Erstbezug nach Modernisierung mit EBK I ab sofort verfügbar | price: 1760.0 | address: 12105 Tempelhof | link: https://www.kleinanzeigen.de/s-anzeige/grosszuegige-3-zimmer-dachgeschosswohnung-im-erstbezug-nach-modernisierung-mit-ebk-i-ab-sofort-verfuegbar/3435286017-203-3408
2026-06-16 21:45:56,967 [INFO] apartment: Suche 2-3 Zimmer Wohnung in Berlin – zuverlässiger Mieter | price: 1100.0 | address: 12047 Neukölln | link: https://www.kleinanzeigen.de/s-anzeige/suche-2-3-zimmer-wohnung-in-berlin-zuverlaessiger-mieter/3435905778-203-3395
2026-06-16 21:45:56,967 [INFO] apartment: Ruhig gelegenes Maisonette mit Terrasse ! | price: 1182.0 | address: 12249 Steglitz | link: https://www.kleinanzeigen.de/s-anzeige/ruhig-gelegenes-maisonette-mit-terrasse-/3349142666-203-3423
2026-06-16 21:45:56,968 [INFO] apartment: Neubau // Erstbezug // Dachgeschoss mit 2 Terrassen // EBK // 2 Bäder | price: 2295.0 | address: 12487 Treptow | link: https://www.kleinanzeigen.de/s-anzeige/neubau-erstbezug-dachgeschoss-mit-2-terrassen-ebk-2-baeder/3349246220-203-3483
2026-06-16 21:45:56,968 [INFO] apartment: Erstbezug: Exklusive 3-Zimmer-Wohnung mit Wasserblick | price: 1490.0 | address: 12527 Köpenick | link: https://www.kleinanzeigen.de/s-anzeige/erstbezug-exklusive-3-zimmer-wohnung-mit-wasserblick/3394506745-203-3370
2026-06-16 21:45:56,969 [INFO] apartment: 2 Zimmer zu vergeben in Berlin Britz ( WG) | price: 650.0 | address: 12347 Neukölln | link: https://www.kleinanzeigen.de/s-anzeige/2-zimmer-zu-vergeben-in-berlin-britz-wg-/3437269740-203-3389
2026-06-16 21:45:56,970 [INFO] apartment: Your urban home in Tempelhof-Mariendorf , warm rent 1.190 € all-in | price: 990.0 | address: 12105 Tempelhof | link: https://www.kleinanzeigen.de/s-anzeige/your-urban-home-in-tempelhof-mariendorf-warm-rent-1-190-all-in-/3430644593-203-3408
2026-06-16 21:45:56,971 [INFO] apartment: Stilvolle 2-Zimmer-Wohnung in Top-Lage - voll möbliert & all-inclusive | price: 2600.0 | address: 10115 Mitte | link: https://www.kleinanzeigen.de/s-anzeige/stilvolle-2-zimmer-wohnung-in-top-lage-voll-moebliert-all-inclusive/3367855567-203-9668
2026-06-16 21:45:56,971 [INFO] apartment: Besuchen Sie uns am Sonntag zur offenen Besichtigung - 3-Zi.-Wohnung mit tollem Rundbalkon in Köpenick | price: 1635.0 | address: 12555 Köpenick | link: https://www.kleinanzeigen.de/s-anzeige/besuchen-sie-uns-am-sonntag-zur-offenen-besichtigung-3-zi-wohnung-mit-tollem-rundbalkon-in-koepenick/3429984153-203-3365
2026-06-16 21:45:56,971 [INFO] apartment: Cosmo Berlin - WG geeigneter Erstbezug im Weitlingkiez mit EBK und Loggia | price: 1990.0 | address: 10315 Friedrichsfelde | link: https://www.kleinanzeigen.de/s-anzeige/cosmo-berlin-wg-geeigneter-erstbezug-im-weitlingkiez-mit-ebk-und-loggia/3241822067-203-25913
2026-06-16 21:45:56,972 [INFO] apartment: „Preissenkung im Schloßberg Quartier“ - Inklusives Neubauwohnen am Wasser in Köpenick | price: 2750.0 | address: 12559 Köpenick | link: https://www.kleinanzeigen.de/s-anzeige/-preissenkung-im-schlossberg-quartier-inklusives-neubauwohnen-am-wasser-in-koepenick/3320308639-203-3364
2026-06-16 21:45:56,972 [INFO] apartment: 2 Zimmer Wohnung in Steglitz Berlin | price: 830.0 | address: 12163 Steglitz | link: https://www.kleinanzeigen.de/s-anzeige/2-zimmer-wohnung-in-steglitz-berlin/3437308698-203-3426
2026-06-16 21:45:56,973 [INFO] apartment: „Preissenkung im Schloßberg Quartier“ - Inklusives Neubauwohnen am Wasser in Köpenick | price: 1250.0 | address: 12559 Köpenick | link: https://www.kleinanzeigen.de/s-anzeige/-preissenkung-im-schlossberg-quartier-inklusives-neubauwohnen-am-wasser-in-koepenick/3320264682-203-3364
2026-06-16 21:45:56,973 [INFO] apartment: große 4,5 Zimmerwohnung in Spandau | price: 1281.0 | address: 13591 Spandau | link: https://www.kleinanzeigen.de/s-anzeige/grosse-4-5-zimmerwohnung-in-spandau/3401805235-203-3434
2026-06-16 21:45:56,975 [INFO] apartment: Exklusives Wohnen am Wasser: Luxus-Dachgeschoss mit weitläufiger Terrasse | price: 2405.0 | address: 12203 Steglitz | link: https://www.kleinanzeigen.de/s-anzeige/exklusives-wohnen-am-wasser-luxus-dachgeschoss-mit-weitlaeufiger-terrasse/3364930009-203-3416
2026-06-16 21:45:56,976 [INFO] apartment: Moderne 3-Zimmer-Wohnung mit Loggia & durchdachtem Design | price: 1860.0 | address: 10557 Tiergarten | link: https://www.kleinanzeigen.de/s-anzeige/moderne-3-zimmer-wohnung-mit-loggia-durchdachtem-design/3091553526-203-3502
2026-06-16 21:45:56,977 [INFO] apartment: Eleganz und Komfort: 2-Zimmer-Wohnung mit Balkon und hochwertiger Einbauküche | price: 1500.0 | address: 12159 Friedenau | link: https://www.kleinanzeigen.de/s-anzeige/eleganz-und-komfort-2-zimmer-wohnung-mit-balkon-und-hochwertiger-einbaukueche/3325218970-203-17085
2026-06-16 21:45:56,977 [INFO] apartment: 2 Raumwohnung Zwischenmiete Juli bis August am Alexanderplatz | price: 2600.0 | address: 10178 Mitte | link: https://www.kleinanzeigen.de/s-anzeige/2-raumwohnung-zwischenmiete-juli-bis-august-am-alexanderplatz/3437296974-203-3522
2026-06-16 21:45:56,978 [INFO] apartment: Moderne 2-Zimmer-Wohnung in Friedenau: Erstbezug mit Balkon und Einbauküche | price: 1499.0 | address: 12159 Friedenau | link: https://www.kleinanzeigen.de/s-anzeige/moderne-2-zimmer-wohnung-in-friedenau-erstbezug-mit-balkon-und-einbaukueche/3225458933-203-17085
2026-06-16 21:45:56,978 [INFO] apartment: Großzügige 4-Zimmer Wohnung direkt am Ring | price: 3385.0 | address: 12159 Friedenau | link: https://www.kleinanzeigen.de/s-anzeige/grosszuegige-4-zimmer-wohnung-direkt-am-ring/3173722599-203-17085
2026-06-16 21:45:56,979 [INFO] apartment: Erstbezug // Neubau// Sehr gut geschnittene 3-Zimmer-Wohnung mit Balkon und EBK | price: 1390.0 | address: 12487 Treptow | link: https://www.kleinanzeigen.de/s-anzeige/erstbezug-neubau-sehr-gut-geschnittene-3-zimmer-wohnung-mit-balkon-und-ebk/3401457729-203-3483
2026-06-16 21:45:56,979 [INFO] apartment: Erstklassige Wohnung mit zwei Balkonen & Blick auf die Uferpromenade | price: 2339.0 | address: 12203 Steglitz | link: https://www.kleinanzeigen.de/s-anzeige/erstklassige-wohnung-mit-zwei-balkonen-blick-auf-die-uferpromenade/3364929885-203-3416
2026-06-16 21:45:56,980 [INFO] apartment: Exklusive 2-Zimmer-Wohnung in Friedrichshain | price: 1550.0 | address: 10243 Friedrichshain | link: https://www.kleinanzeigen.de/s-anzeige/exklusive-2-zimmer-wohnung-in-friedrichshain/3426782881-203-3354
2026-06-16 21:45:56,980 [INFO] apartment: Nachmieter:in für Studenten-WG in Berlin-Hellersdorf gesucht | price: 290.0 | address: 12627 Hellersdorf | link: https://www.kleinanzeigen.de/s-anzeige/nachmieter-in-fuer-studenten-wg-in-berlin-hellersdorf-gesucht/3437283742-203-3514
2026-06-16 21:45:56,981 [INFO] apartment: Familienheim im Grünen-unweit des Müggelsees +  1-Nettokaltmiete Frei | price: 1135.0 | address: 12559 Köpenick | link: https://www.kleinanzeigen.de/s-anzeige/familienheim-im-gruenen-unweit-des-mueggelsees-1-nettokaltmiete-frei/3318277729-203-3364
2026-06-16 21:45:56,981 [INFO] apartment: 1-Zimmer Studio in Berlin Kreuzberg | price: 1330.0 | address: 10999 Kreuzberg | link: https://www.kleinanzeigen.de/s-anzeige/1-zimmer-studio-in-berlin-kreuzberg/3426557757-203-9629
2026-06-16 21:45:56,982 [INFO] apartment: Wunderschöne 2 Zimmerwohnung für Singles & Paare mit Balkon | price: 1665.0 | address: 13353 Wedding | link: https://www.kleinanzeigen.de/s-anzeige/wunderschoene-2-zimmerwohnung-fuer-singles-paare-mit-balkon/3414680930-203-3507
2026-06-16 21:45:56,982 [INFO] Ожидание перед следующей страницей...
2026-06-16 21:45:58,998 [INFO] Готово!
